---
http_interactions:
- request:
    method: head
    uri: http://127.0.0.1:4000/acme/new-reg
    body:
      encoding: US-ASCII
      string: ''
    headers:
      User-Agent:
      - Faraday v0.9.1
      Accept:
      - "*/*"
  response:
    status:
      code: 405
      message: Method Not Allowed
    headers:
      Access-Control-Allow-Origin:
      - "*"
      Allow:
      - POST
      Content-Type:
      - application/problem+json
      Replay-Nonce:
      - eWv32mL7x4q6Tg4t6AOuuV99zeKkEGq-SZvGXb2OAzU
      Date:
      - Sat, 15 Aug 2015 01:58:31 GMT
    body:
      encoding: UTF-8
      string: ''
    http_version: 
  recorded_at: Sat, 15 Aug 2015 01:58:31 GMT
- request:
    method: post
    uri: http://127.0.0.1:4000/acme/new-reg
    body:
      encoding: UTF-8
      string: "{\"header\":{\"alg\":\"RS256\",\"jwk\":{\"kty\":\"RSA\",\"e\":\"AQAB\",\"n\":\"zhPVw7AkGA1i5uA-NoeR9LVm7jZJpxjjrzaSVHpScYo9bxcuoeilZ5E9T27FdumtTY5iuHUcPjUJyHmsylozPVN31cXJK382pdo1wMX6wvOww7qSn-CPz2jcyfYwKjZs4vJyR1gUna8DCZm3J3OfAcfVyUYKz1y_sTVYdAFb3v48dlD87z00EPd70536uILSnOMGa-YNnSS_dgx4yE4TButp8FGh-Vvsoe74PMYoYiqH3FFzSJoc_tqFXKs6wSR9mmSB2xwtzQK4GalBrLkRPn5ARoCb3AtScIqwwT23k5QlbQIjsSi2TXGhwO4Aun8ZftmyvysVyHEvTNaRvjLO6w\"}},\"protected\":\"eyJub25jZSI6ImVXdjMybUw3eDRxNlRnNHQ2QU91dVY5OXplS2tFR3EtU1p2R1hiMk9BelUifQ\",\"payload\":\"eyJyZXNvdXJjZSI6Im5ldy1yZWciLCJjb250YWN0IjpbIm1haWx0bzppbmZvQHRlc3QuY29tIl19\",\"signature\":\"y1t5saZ3mV1BzYbRW7ZxATwgmLe8710RtcR1OCzBOvEiB8hLiJijUT2QarcmFb1k4uhMzKLHECc873EAdsFOo3oeDgjnmdLvVBALLcxWUvOcyMSuoREZKZAcFr5MLrore_0Y125iLgSPxcikQbh0D0Kg1EmEHfHB9_xD5jDo1kz74OxiNqSpC1TY4bR15GNll-tNSJqhkk0PHjD3mK-6LFECKMBcK-rjp6HNY719l5AwxDhnmwQNDXPTEgbTCMYXmlYYly4Pcctc4N61G16vbrOup0h6QAgjBr9ZoX2-Ewxl9A7eMm-j8HzDd_U89niQSjSQOqPq5YVQRuD_bHKa6A\"}"
    headers:
      User-Agent:
      - Faraday v0.9.1
      Accept-Encoding:
      - gzip;q=1.0,deflate;q=0.6,identity;q=0.3
      Accept:
      - "*/*"
  response:
    status:
      code: 201
      message: Created
    headers:
      Access-Control-Allow-Origin:
      - "*"
      Content-Type:
      - application/json
      Link:
      - "<http://localhost:4000/acme/new-authz>;rel=\"next\""
      - "<http://localhost:4000/terms/v1>;rel=\"terms-of-service\""
      Location:
      - http://localhost:4000/acme/reg/1052
      Replay-Nonce:
      - xfzWCOvZNY0vyGcWfTBHE3MkkehGs457F6rCqmm1TcM
      Date:
      - Sat, 15 Aug 2015 01:58:31 GMT
      Content-Length:
      - '426'
    body:
      encoding: UTF-8
      string: "{\"id\":1052,\"key\":{\"kty\":\"RSA\",\"n\":\"zhPVw7AkGA1i5uA-NoeR9LVm7jZJpxjjrzaSVHpScYo9bxcuoeilZ5E9T27FdumtTY5iuHUcPjUJyHmsylozPVN31cXJK382pdo1wMX6wvOww7qSn-CPz2jcyfYwKjZs4vJyR1gUna8DCZm3J3OfAcfVyUYKz1y_sTVYdAFb3v48dlD87z00EPd70536uILSnOMGa-YNnSS_dgx4yE4TButp8FGh-Vvsoe74PMYoYiqH3FFzSJoc_tqFXKs6wSR9mmSB2xwtzQK4GalBrLkRPn5ARoCb3AtScIqwwT23k5QlbQIjsSi2TXGhwO4Aun8ZftmyvysVyHEvTNaRvjLO6w\",\"e\":\"AQAB\"},\"contact\":[\"mailto:info@test.com\"]}"
    http_version: 
  recorded_at: Sat, 15 Aug 2015 01:58:31 GMT
- request:
    method: post
    uri: http://localhost:4000/acme/reg/1052
    body:
      encoding: UTF-8
      string: "{\"header\":{\"alg\":\"RS256\",\"jwk\":{\"kty\":\"RSA\",\"e\":\"AQAB\",\"n\":\"zhPVw7AkGA1i5uA-NoeR9LVm7jZJpxjjrzaSVHpScYo9bxcuoeilZ5E9T27FdumtTY5iuHUcPjUJyHmsylozPVN31cXJK382pdo1wMX6wvOww7qSn-CPz2jcyfYwKjZs4vJyR1gUna8DCZm3J3OfAcfVyUYKz1y_sTVYdAFb3v48dlD87z00EPd70536uILSnOMGa-YNnSS_dgx4yE4TButp8FGh-Vvsoe74PMYoYiqH3FFzSJoc_tqFXKs6wSR9mmSB2xwtzQK4GalBrLkRPn5ARoCb3AtScIqwwT23k5QlbQIjsSi2TXGhwO4Aun8ZftmyvysVyHEvTNaRvjLO6w\"}},\"protected\":\"eyJub25jZSI6InhmeldDT3ZaTlkwdnlHY1dmVEJIRTNNa2tlaEdzNDU3RjZyQ3FtbTFUY00ifQ\",\"payload\":\"eyJyZXNvdXJjZSI6InJlZyIsImFncmVlbWVudCI6Imh0dHA6Ly9sb2NhbGhvc3Q6NDAwMC90ZXJtcy92MSJ9\",\"signature\":\"nlGrfbeGnysTwsT4_sv5TT7dTK-INePAKAgaQhd7rAHvDIri5l0_nJ1snVcdwkQJ9amCvLVGMfe_P4dcJFRjPOXEHNCH7wXukrJzdf__RPgbs3jSX-zWYXpN2o3LFPQrHtM_82zimPI1rmih2LizmBvt1jPSS_jKx9CntmcymyZYXnkHCpQq2YIk_4GTsggBI-AMeZAO7iOdG6_1JoiJ0ZKSXnY_9m63_sT-z_q72LLgGbzNmh3yq_n3KDhPpee0FpUYD5qPEGPUhnPQNfN3LLuhmr_-YDu6cMs4Tn_7h80AzuYmmoNZBPoN6KjcdIoANQna0C44MOHxXo4y5kyxUw\"}"
    headers:
      User-Agent:
      - Faraday v0.9.1
      Accept-Encoding:
      - gzip;q=1.0,deflate;q=0.6,identity;q=0.3
      Accept:
      - "*/*"
  response:
    status:
      code: 202
      message: Accepted
    headers:
      Access-Control-Allow-Origin:
      - "*"
      Content-Type:
      - application/json
      Link:
      - "<http://localhost:4000/acme/new-authz>;rel=\"next\""
      - "<http://localhost:4000/terms/v1>;rel=\"terms-of-service\""
      Replay-Nonce:
      - UmLp-jLL1FXMrFeJqGXf6sTwmNYit5rdFv9VNnu2JbU
      Date:
      - Sat, 15 Aug 2015 01:58:31 GMT
      Content-Length:
      - '471'
    body:
      encoding: UTF-8
      string: "{\"id\":1052,\"key\":{\"kty\":\"RSA\",\"n\":\"zhPVw7AkGA1i5uA-NoeR9LVm7jZJpxjjrzaSVHpScYo9bxcuoeilZ5E9T27FdumtTY5iuHUcPjUJyHmsylozPVN31cXJK382pdo1wMX6wvOww7qSn-CPz2jcyfYwKjZs4vJyR1gUna8DCZm3J3OfAcfVyUYKz1y_sTVYdAFb3v48dlD87z00EPd70536uILSnOMGa-YNnSS_dgx4yE4TButp8FGh-Vvsoe74PMYoYiqH3FFzSJoc_tqFXKs6wSR9mmSB2xwtzQK4GalBrLkRPn5ARoCb3AtScIqwwT23k5QlbQIjsSi2TXGhwO4Aun8ZftmyvysVyHEvTNaRvjLO6w\",\"e\":\"AQAB\"},\"contact\":[\"mailto:info@test.com\"],\"agreement\":\"http://localhost:4000/terms/v1\"}"
    http_version: 
  recorded_at: Sat, 15 Aug 2015 01:58:31 GMT
- request:
    method: post
    uri: http://127.0.0.1:4000/acme/new-authz
    body:
      encoding: UTF-8
      string: "{\"header\":{\"alg\":\"RS256\",\"jwk\":{\"kty\":\"RSA\",\"e\":\"AQAB\",\"n\":\"zhPVw7AkGA1i5uA-NoeR9LVm7jZJpxjjrzaSVHpScYo9bxcuoeilZ5E9T27FdumtTY5iuHUcPjUJyHmsylozPVN31cXJK382pdo1wMX6wvOww7qSn-CPz2jcyfYwKjZs4vJyR1gUna8DCZm3J3OfAcfVyUYKz1y_sTVYdAFb3v48dlD87z00EPd70536uILSnOMGa-YNnSS_dgx4yE4TButp8FGh-Vvsoe74PMYoYiqH3FFzSJoc_tqFXKs6wSR9mmSB2xwtzQK4GalBrLkRPn5ARoCb3AtScIqwwT23k5QlbQIjsSi2TXGhwO4Aun8ZftmyvysVyHEvTNaRvjLO6w\"}},\"protected\":\"eyJub25jZSI6IlVtTHAtakxMMUZYTXJGZUpxR1hmNnNUd21OWWl0NXJkRnY5Vk5udTJKYlUifQ\",\"payload\":\"eyJyZXNvdXJjZSI6Im5ldy1hdXRoeiIsImlkZW50aWZpZXIiOnsidHlwZSI6ImRucyIsInZhbHVlIjoidGVzdDM1LnRlc3Rkb21haW4uY29tIn19\",\"signature\":\"h0giMWtFmtcP_-CAqXoIBqLLCBJT10Tzuda4I71FTVNFOQiJPcx3qB4L6gWNtQ-5_zz6-keGMMMNhA6nUEgd2k9uCRghxwcov_orGl7JRdHK3cCM3WBxeh87vkt5i9mWcuIOo2-dHP1yEI4OKPr4YjcrTevRc6KCMWEDvo3_wwCC8gSqqtu5xerR-yzxBWLIpb0FG0BgxR0qYJt4Au29cd5AeiotPC8X7MAHLc6nx1nfBPAGESEWaADfLEjpP3A8t32OHyN-5hGb9L9Nky1J0cPcjcvOFh-HBIpDcAfG_5x0idmvCZWB6oCB_drm27KXhCn-VU_Oll4oJ5AUG32xww\"}"
    headers:
      User-Agent:
      - Faraday v0.9.1
      Accept-Encoding:
      - gzip;q=1.0,deflate;q=0.6,identity;q=0.3
      Accept:
      - "*/*"
  response:
    status:
      code: 201
      message: Created
    headers:
      Access-Control-Allow-Origin:
      - "*"
      Content-Type:
      - application/json
      Link:
      - "<http://localhost:4000/acme/new-cert>;rel=\"next\""
      Location:
      - http://localhost:4000/acme/authz/Jt-HwlAQapYRwp63laMKlTiEEr-NJ0qW2530Y_t7OAg
      Replay-Nonce:
      - 8vTUqV5x7OFdNUvwMUvjDuyNQGNjbg2-2Rdpnv77SG4
      Date:
      - Sat, 15 Aug 2015 01:58:31 GMT
      Content-Length:
      - '699'
    body:
      encoding: UTF-8
      string: "{\"identifier\":{\"type\":\"dns\",\"value\":\"test35.testdomain.com\"},\"status\":\"pending\",\"challenges\":[{\"type\":\"simpleHttp\",\"status\":\"pending\",\"uri\":\"http://localhost:4000/acme/authz/Jt-HwlAQapYRwp63laMKlTiEEr-NJ0qW2530Y_t7OAg?challenge=0\",\"token\":\"Ldbd6oXEzBfDzRHGdfWN7czcDhGaAtjtwumNqV8Ry8c\",\"tls\":true},{\"type\":\"dvsni\",\"status\":\"pending\",\"uri\":\"http://localhost:4000/acme/authz/Jt-HwlAQapYRwp63laMKlTiEEr-NJ0qW2530Y_t7OAg?challenge=1\",\"token\":\"zKMhCRgjwmGrVU5EDprXEhTDqybDB9KWUFEZk-gqJck\"},{\"type\":\"dns\",\"status\":\"pending\",\"uri\":\"http://localhost:4000/acme/authz/Jt-HwlAQapYRwp63laMKlTiEEr-NJ0qW2530Y_t7OAg?challenge=2\",\"token\":\"5yY62G3lbRzGb-41Skl6jhNYXZpmDBmmbko-wPc1q88\"}],\"combinations\":[[0],[1],[2]]}"
    http_version: 
  recorded_at: Sat, 15 Aug 2015 01:58:31 GMT
- request:
    method: post
    uri: http://localhost:4000/acme/authz/Jt-HwlAQapYRwp63laMKlTiEEr-NJ0qW2530Y_t7OAg?challenge=0
    body:
      encoding: UTF-8
      string: "{\"header\":{\"alg\":\"RS256\",\"jwk\":{\"kty\":\"RSA\",\"e\":\"AQAB\",\"n\":\"zhPVw7AkGA1i5uA-NoeR9LVm7jZJpxjjrzaSVHpScYo9bxcuoeilZ5E9T27FdumtTY5iuHUcPjUJyHmsylozPVN31cXJK382pdo1wMX6wvOww7qSn-CPz2jcyfYwKjZs4vJyR1gUna8DCZm3J3OfAcfVyUYKz1y_sTVYdAFb3v48dlD87z00EPd70536uILSnOMGa-YNnSS_dgx4yE4TButp8FGh-Vvsoe74PMYoYiqH3FFzSJoc_tqFXKs6wSR9mmSB2xwtzQK4GalBrLkRPn5ARoCb3AtScIqwwT23k5QlbQIjsSi2TXGhwO4Aun8ZftmyvysVyHEvTNaRvjLO6w\"}},\"protected\":\"eyJub25jZSI6Ijh2VFVxVjV4N09GZE5VdndNVXZqRHV5TlFHTmpiZzItMlJkcG52NzdTRzQifQ\",\"payload\":\"eyJyZXNvdXJjZSI6ImNoYWxsZW5nZSIsInR5cGUiOiJzaW1wbGVIdHRwIiwidGxzIjpmYWxzZX0\",\"signature\":\"Sd7POeD1Yz59Qt_BIjl-gFq9-_rle3kudSM9JxEjhVvLPhBCr_dUqYOmvETfpgvI3uEwEgWsl-bLrVR_OMzoUvv9JhgfsGg5mfoy5p3saeyeeFwZ99MmD1zDX7SsCDksBcZpqKjNV__EiR9LFXfEDhWJAcOK5FEae0OKQ9yrfBvHs4NbhdkpLuLr2I5zmAvE18ioh93MYyZCYaec8UWK6h8XaZ9D6qHg_FXJeLRFQhULU6yT8I2DM-OMYPxq56kOjS6iTPVgrM2hObL4888g7Z7AO5mwzTuYsAa0V2BYeApjAcf2nIcA_QRKJXWrru86KFgrGMsHWZUwfNX9avn3Qw\"}"
    headers:
      User-Agent:
      - Faraday v0.9.1
      Accept-Encoding:
      - gzip;q=1.0,deflate;q=0.6,identity;q=0.3
      Accept:
      - "*/*"
  response:
    status:
      code: 202
      message: Accepted
    headers:
      Access-Control-Allow-Origin:
      - "*"
      Content-Type:
      - application/json
      Link:
      - "<http://localhost:4000/acme/authz/Jt-HwlAQapYRwp63laMKlTiEEr-NJ0qW2530Y_t7OAg>;rel=\"up\""
      Location:
      - http://localhost:4000/acme/authz/Jt-HwlAQapYRwp63laMKlTiEEr-NJ0qW2530Y_t7OAg?challenge=0
      Replay-Nonce:
      - wg-PLUrW2QY6YUANXLAMJmOl_gYUC_2u6TR-ftqna_g
      Date:
      - Sat, 15 Aug 2015 01:58:31 GMT
      Content-Length:
      - '203'
    body:
      encoding: UTF-8
      string: "{\"type\":\"simpleHttp\",\"status\":\"pending\",\"uri\":\"http://localhost:4000/acme/authz/Jt-HwlAQapYRwp63laMKlTiEEr-NJ0qW2530Y_t7OAg?challenge=0\",\"token\":\"Ldbd6oXEzBfDzRHGdfWN7czcDhGaAtjtwumNqV8Ry8c\",\"tls\":false}"
    http_version: 
  recorded_at: Sat, 15 Aug 2015 01:58:31 GMT
- request:
    method: get
    uri: http://localhost:4000/acme/authz/Jt-HwlAQapYRwp63laMKlTiEEr-NJ0qW2530Y_t7OAg?challenge=0
    body:
      encoding: UTF-8
      string: "{\"header\":{\"alg\":\"RS256\",\"jwk\":{\"kty\":\"RSA\",\"e\":\"AQAB\",\"n\":\"zhPVw7AkGA1i5uA-NoeR9LVm7jZJpxjjrzaSVHpScYo9bxcuoeilZ5E9T27FdumtTY5iuHUcPjUJyHmsylozPVN31cXJK382pdo1wMX6wvOww7qSn-CPz2jcyfYwKjZs4vJyR1gUna8DCZm3J3OfAcfVyUYKz1y_sTVYdAFb3v48dlD87z00EPd70536uILSnOMGa-YNnSS_dgx4yE4TButp8FGh-Vvsoe74PMYoYiqH3FFzSJoc_tqFXKs6wSR9mmSB2xwtzQK4GalBrLkRPn5ARoCb3AtScIqwwT23k5QlbQIjsSi2TXGhwO4Aun8ZftmyvysVyHEvTNaRvjLO6w\"}},\"protected\":\"eyJub25jZSI6IndnLVBMVXJXMlFZNllVQU5YTEFNSm1PbF9nWVVDXzJ1NlRSLWZ0cW5hX2cifQ\",\"payload\":\"bnVsbA\",\"signature\":\"mJf_4ruNd6z7sylrGyWEBXZVCtzRfJl52e22bXLJrym5Re_dLTeMGGHljn8jBnBoE-plmYW_toihEvTLJDxsBBQg-D1Y3r7JybUOqquTGZnvxbX2HI3UXORx-0vRPSqkeKuYFbnAOHvfoIkbTX-Q772YgxCexO657Yv0dvizxbXTj6YnNQjEmSfvAwvafYbpxDXs4YRGiUPCOEJmYPuK_95z2pnVhmVcbLxXQnQ4HpLKOvgppoyPFtpe8lUYJidcvkuCsmXwOLyZlj9XBYltUvpyMXHF6zsbdOWuV_qYRuMB3Wb_LaY3-AB8xzfnaIztn2GrUcfCmheTltBrC5PTrg\"}"
    headers:
      User-Agent:
      - Faraday v0.9.1
      Accept-Encoding:
      - gzip;q=1.0,deflate;q=0.6,identity;q=0.3
      Accept:
      - "*/*"
  response:
    status:
      code: 202
      message: Accepted
    headers:
      Access-Control-Allow-Origin:
      - "*"
      Content-Type:
      - application/json
      Link:
      - "<http://localhost:4000/acme/authz/Jt-HwlAQapYRwp63laMKlTiEEr-NJ0qW2530Y_t7OAg>;rel=\"up\""
      Location:
      - http://localhost:4000/acme/authz/Jt-HwlAQapYRwp63laMKlTiEEr-NJ0qW2530Y_t7OAg?challenge=0
      Replay-Nonce:
      - 0uEH3xEJ4gTT1b-cmXszuDr80j_9T4-mMH8_LaXhMB0
      Date:
      - Sat, 15 Aug 2015 01:58:31 GMT
      Content-Length:
      - '201'
    body:
      encoding: UTF-8
      string: "{\"type\":\"simpleHttp\",\"status\":\"valid\",\"uri\":\"http://localhost:4000/acme/authz/Jt-HwlAQapYRwp63laMKlTiEEr-NJ0qW2530Y_t7OAg?challenge=0\",\"token\":\"Ldbd6oXEzBfDzRHGdfWN7czcDhGaAtjtwumNqV8Ry8c\",\"tls\":false}"
    http_version: 
  recorded_at: Sat, 15 Aug 2015 01:58:31 GMT
recorded_with: VCR 2.9.3
